project/
├── backend/
│   ├── src/
│   │   ├── config/
│   │   │   ├── cors.config.js
│   │   │   ├── database.config.js
│   │   │   ├── logger.config.js
│   │   │   ├── server.config.js
│   │   │   ├── socket.config.js
│   │   │   ├── storage.config.js
│   │   │   ├── types.ts
│   │   │   ├── validation.js
│   │   │   └── index.js
│   │   ├── controllers/
│   │   │   ├── auth.controller.js
│   │   │   ├── event.controller.js
│   │   │   ├── file.controller.js
│   │   │   ├── note.controller.js
│   │   │   ├── person.controller.js
│   │   │   ├── task.controller.js
│   │   │   ├── template.controller.js
│   │   │   ├── timecard.controller.js
│   │   │   ├── user.controller.js
│   │   │   └── index.js
│   │   ├── core/
│   │   │   ├── Database.js
│   │   │   ├── Logger.js
│   │   │   ├── Server.js
│   │   │   └── Storage.js
│   │   ├── middleware/
│   │   │   ├── auth.middleware.js
│   │   │   ├── error.middleware.js
│   │   │   ├── jwt.middleware.js
│   │   │   ├── logger.middleware.js
│   │   │   ├── rate.middleware.js
│   │   │   ├── scram.middleware.js
│   │   │   ├── store.middleware.js
│   │   │   ├── validation.middleware.js
│   │   │   └── index.js
│   │   ├── models/
│   │   │   ├── audit.model.js
│   │   │   ├── base.model.js
│   │   │   ├── calendar.model.js
│   │   │   ├── event.model.js
│   │   │   ├── filedata.model.js
│   │   │   ├── message.model.js
│   │   │   ├── note.model.js
│   │   │   ├── notification.model.js
│   │   │   ├── person.model.js
│   │   │   ├── setting.model.js
│   │   │   ├── task.model.js
│   │   │   ├── template.model.js
│   │   │   ├── timecard.model.js
│   │   │   ├── user.model.js
│   │   │   └── index.js
│   │   ├── routes/
│   │   │   ├── auth.routes.js
│   │   │   ├── event.routes.js
│   │   │   ├── file.routes.js
│   │   │   ├── note.routes.js
│   │   │   ├── person.routes.js
│   │   │   ├── task.routes.js
│   │   │   ├── template.routes.js
│   │   │   ├── timecard.routes.js
│   │   │   ├── user.routes.js
│   │   │   └── index.js
│   │   ├── services/
│   │   │   ├── auth.service.js
│   │   │   ├── chat.service.js
│   │   │   ├── mail.service.js
│   │   │   └── socket.service.js
│   │   └── utils/
│   │       ├── cert.util.js          
│   │       ├── date.util.js
│   │       ├── esm-helpers.util.js    
│   │       ├── file.util.js
│   │       ├── path.util.js           
│   │       ├── secret.util.js
│   │       ├── secretsManager.util.js
│   │       └── seed.util.js
│   ├── certs/                         
│   │   ├── cert.key
│   │   ├── cert.crt
│   │   ├── chain.crt
│   │   └── trust/                    
│   │       └── root-ca.crt
│   ├── tests/
│   │   ├── integration/
│   │   │   └── routes/
│   │   ├── unit/
│   │   │   ├── controllers/
│   │   │   ├── middleware/
│   │   │   └── services/
│   │   ├── fixtures/
│   │   │   ├── tasks.json
│   │   │   └── users.json
│   │   └── setup.js
│   ├── scripts/
│   │   ├── seed.js
│   │   └── setup.js
│   ├── docs/
│   │   ├── api/
│   │   └── setup/
│   ├── logs/
│   ├── .env
│   ├── .env.example
│   ├── .gitignore
│   ├── jest.config.js
│   ├── package.json
│   └── server.js
└── frontend/
    ├── public/
    │   ├── assets/
    │   ├── favicon.ico
    │   └── index.html
    ├── src/
    │   ├── components/
    │   │   ├── auth/
    │   │   │   ├── Login.jsx
    │   │   │   ├── Register.jsx
    │   │   │   └── ProtectedRoute.jsx
    │   │   ├── common/
    │   │   │   ├── Button.jsx
    │   │   │   ├── Input.jsx
    │   │   │   └── Toast.jsx
    │   │   ├── dashboard/
    │   │   │   ├── Dashboard.jsx
    │   │   │   ├── TaskList.jsx
    │   │   │   ├── EventList.jsx
    │   │   │   └── NoteList.jsx
    │   │   └── layout/
    │   │       ├── Layout.jsx
    │   │       ├── Navbar.jsx
    │   │       └── Sidebar.jsx
    │   ├── config/
    │   │   ├── api.config.js
    │   │   ├── auth.config.js
    │   │   └── index.js
    │   ├── constants/
    │   │   └── index.js
    │   ├── context/
    │   │   ├── AuthContext.jsx
    │   │   └── ThemeContext.jsx
    │   ├── hooks/
    │   │   ├── useAuth.js
    │   │   └── useTheme.js
    │   ├── services/
    │   │   ├── api.js
    │   │   └── auth.service.js
    │   ├── styles/
    │   │   ├── components/
    │   │   └── App.css
    │   ├── types/
    │   │   └── index.ts
    │   ├── utils/
    │   │   ├── date.utils.js
    │   │   └── toast.utils.js
    │   ├── App.jsx
    │   └── main.jsx
    ├── .env
    ├── .env.development
    ├── .env.production
    ├── .gitignore
    ├── package.json
    └── vite.config.js